// Jest Snapshot v1, https://goo.gl/fbAQLP

exports[`renders snapshot 1`] = `
<Component
  theme={
    Object {
      "colors": Object {
        "accentBgColor": "#F1F3F6",
        "accentTextColor": "#808181",
        "blackColor": "#212121",
        "cartLink": "#c90ea5",
        "halfTransparentWhiteColor": "rgba(255, 255, 255, 0.5)",
        "logoColor": "#c26ea9",
        "mainBgColor": "#E6E9F0",
        "mainTextColor": "#5B1195",
        "pinkColor": "#ff1876",
        "primary": "#5f2093",
        "whiteColor": "#fff",
      },
      "deviceSize": Object {
        "conditionTextWidth": "screen and (min-width: 992px)",
        "extraLarge": "screen and (min-width: 1024px)",
        "extraSmall": "screen and(min-width: 320px)",
        "large": "screen and (min-width: 768px)",
        "largest": "screen and (min-width: 1440px)",
        "medium": "screen and (min-width: 425px)",
        "small": "screen and (min-width: 375px)",
      },
      "screenSize": Object {
        "conditionTextSize": "992px",
        "l": "768px",
        "m": "425px",
        "s": "375px",
        "xl": "1024px",
        "xs": "320px",
        "xxl": "1440px",
      },
    }
  }
>
  <Memo(l) />
  <Switch>
    <Route
      exact={true}
      path="/print"
    >
      <PrintPage />
    </Route>
    <Route
      path="/"
    >
      <NavBar />
      <Route
        exact={true}
        path="/"
      >
        <Container
          className="p-3"
          fluid={false}
        >
          <AnimateItem />
          <TestCounter />
        </Container>
      </Route>
      <Route
        path="/cart"
      >
        <Cart />
      </Route>
    </Route>
  </Switch>
</Component>
`;
