// Jest Snapshot v1, https://goo.gl/fbAQLP

exports[`renders snapshot 1`] = `
<styled.div
  className="p-4"
>
  <Styled(NavLink)
    activeClassName="active"
    className="navlink mr-2"
    to="/cart/shipping"
  >
    Shipping
  </Styled(NavLink)>
  <Styled(IoIosArrowForward)
    className="mr-2"
    color="#808181"
    size="30px"
  />
  <Styled(NavLink)
    activeClassName="active"
    className="navlink mr-2"
    to="/cart/billing"
  >
    Billing
  </Styled(NavLink)>
  <Styled(IoIosArrowForward)
    className="mr-2"
    color="#808181"
    size="30px"
  />
  <Styled(NavLink)
    activeClassName="active"
    className="navlink mr-2"
    to="/cart/payment"
  >
    Payment
  </Styled(NavLink)>
</styled.div>
`;
