// Jest Snapshot v1, https://goo.gl/fbAQLP

exports[`renders correctly 1`] = `
<Container
  className="p-5"
  fluid={false}
>
  <Row
    className="justify-content-center align-items-center"
    noGutters={false}
  >
    <Col
      lg={6}
    >
      <h4
        className="mb-4 text-center"
      >
        Thank you for your order!
      </h4>
      <p
        className="font-weight-bold text-dark mb-2"
        id="orderId"
      >
        Order number is: 
        147613178
      </p>
      <p
        className="h6 mb-3"
      >
        <span
          className="text-dark"
        >
          You will recieve an email confirmation shortly to 
        </span>
        <u>
          <a
            href="mailto:someEmail@gmail.com"
            type="email"
          >
            someEmail@gmail.com
          </a>
        </u>
      </p>
      <p
        className="text-dark mb-0"
      >
        Estimated delivery Day is 
      </p>
      <p
        className="font-weight-bold text-dark"
      >
        Monday 1st June 2021
      </p>
      <p
        className="font-weight-bold text-dark"
      >
        Other Data
      </p>
    </Col>
  </Row>
</Container>
`;

exports[`renders snapshot 1`] = `
<Container
  className="p-5"
  fluid={false}
>
  <Row
    className="justify-content-center align-items-center"
    noGutters={false}
  >
    <Col
      lg={6}
    >
      <h4
        className="mb-4 text-center"
      >
        Thank you for your order!
      </h4>
      <p
        className="font-weight-bold text-dark mb-2"
        id="orderId"
      >
        Order number is: 
        147613178
      </p>
      <p
        className="h6 mb-3"
      >
        <span
          className="text-dark"
        >
          You will recieve an email confirmation shortly to 
        </span>
        <u>
          <a
            href="mailto:someEmail@gmail.com"
            type="email"
          >
            someEmail@gmail.com
          </a>
        </u>
      </p>
      <p
        className="text-dark mb-0"
      >
        Estimated delivery Day is 
      </p>
      <p
        className="font-weight-bold text-dark"
      >
        Monday 1st June 2021
      </p>
      <p
        className="font-weight-bold text-dark"
      >
        Other Data
      </p>
    </Col>
  </Row>
</Container>
`;
